\BOOKMARK [1][-]{section.1}{\376\377\000R\000e\000s\000u\000m\000o\000\040\000I\000n\000t\000r\000o\000d\000u\000c\000c\000i\000\363\000n}{}% 1
\BOOKMARK [2][-]{subsection.1.1}{\376\377\000C\000o\000m\000e\000n\000t\000\341\000r\000i\000o\000s\000\040\000p\000e\000s\000s\000o\000a\000i\000s\000:}{section.1}% 2
\BOOKMARK [1][-]{section.2}{\376\377\000R\000e\000s\000u\000m\000o\000\040\000C\000a\000p\000.\0002\000:\000\040\000C\000o\000m\000p\000u\000t\000a\000\347\000\343\000o\000\040\000e\000\040\000C\000l\000a\000s\000s\000i\000f\000i\000c\000a\000\347\000\343\000o\000\040\000d\000a\000s\000\040\000C\000i\000\352\000n\000c\000i\000a\000s}{}% 3
\BOOKMARK [2][-]{subsection.2.1}{\376\377\000C\000l\000a\000s\000s\000i\000f\000i\000c\000a\000\347\000\365\000e\000s\000\040\000a\000b\000o\000r\000d\000a\000d\000a\000s\000\040\000n\000e\000s\000t\000e\000\040\000c\000a\000p\000\355\000t\000u\000l\000o}{section.2}% 4
\BOOKMARK [3][-]{subsubsection.2.1.1}{\376\377\000F\000o\000r\000m\000a\000i\000s\000/\000E\000m\000p\000\355\000r\000i\000c\000a\000s}{subsection.2.1}% 5
\BOOKMARK [3][-]{subsubsection.2.1.2}{\376\377\000P\000u\000r\000a\000s\000/\000A\000p\000l\000i\000c\000a\000d\000a\000s}{subsection.2.1}% 6
\BOOKMARK [3][-]{subsubsection.2.1.3}{\376\377\000E\000x\000a\000t\000a\000s\000/\000I\000n\000e\000x\000a\000t\000a\000s}{subsection.2.1}% 7
\BOOKMARK [3][-]{subsubsection.2.1.4}{\376\377\000H\000a\000r\000d\000/\000S\000o\000f\000t}{subsection.2.1}% 8
\BOOKMARK [3][-]{subsubsection.2.1.5}{\376\377\000N\000o\000m\000o\000t\000\351\000t\000i\000c\000a\000s\000/\000I\000d\000i\000o\000g\000r\000\341\000f\000i\000c\000a\000s}{subsection.2.1}% 9
\BOOKMARK [2][-]{subsection.2.2}{\376\377\000C\000o\000m\000e\000n\000t\000\341\000r\000i\000o\000s\000\040\000p\000e\000s\000s\000o\000a\000i\000s\000:}{section.2}% 10
\BOOKMARK [1][-]{section.3}{\376\377\000R\000e\000s\000u\000m\000o\000\040\000C\000a\000p\000.\0003\000:\000\040\000M\000\351\000t\000o\000d\000o\000\040\000C\000i\000e\000n\000t\000\355\000f\000i\000c\000o}{}% 11
\BOOKMARK [2][-]{subsubsection.3.0.1}{\376\377\000E\000m\000p\000i\000r\000i\000s\000m\000o}{section.3}% 12
\BOOKMARK [3][-]{subsubsection.3.0.2}{\376\377\000P\000o\000s\000i\000t\000i\000v\000i\000s\000m\000o}{subsubsection.3.0.1}% 13
\BOOKMARK [3][-]{subsubsection.3.0.3}{\376\377\000P\000r\000a\000g\000m\000a\000t\000i\000s\000m\000o}{subsubsection.3.0.1}% 14
\BOOKMARK [3][-]{subsubsection.3.0.4}{\376\377\000O\000b\000j\000e\000t\000i\000v\000i\000d\000a\000d\000e}{subsubsection.3.0.1}% 15
\BOOKMARK [3][-]{subsubsection.3.0.5}{\376\377\000I\000n\000d\000u\000\347\000\343\000o}{subsubsection.3.0.1}% 16
\BOOKMARK [3][-]{subsubsection.3.0.6}{\376\377\000R\000e\000f\000u\000t\000a\000\347\000\343\000o}{subsubsection.3.0.1}% 17
\BOOKMARK [3][-]{subsubsection.3.0.7}{\376\377\000C\000o\000e\000r\000e\000n\000t\000i\000s\000m\000o}{subsubsection.3.0.1}% 18
\BOOKMARK [3][-]{subsubsection.3.0.8}{\376\377\000L\000\342\000m\000i\000n\000a\000\040\000d\000e\000\040\000O\000c\000c\000a\000m}{subsubsection.3.0.1}% 19
\BOOKMARK [3][-]{subsubsection.3.0.9}{\376\377\000C\000o\000n\000s\000t\000r\000u\000t\000i\000v\000i\000s\000m\000o}{subsubsection.3.0.1}% 20
\BOOKMARK [2][-]{subsection.3.1}{\376\377\000C\000o\000m\000e\000n\000t\000\341\000r\000i\000o\000s\000\040\000p\000e\000s\000s\000o\000a\000i\000s\000:}{section.3}% 21
